2025-05-15 16:17:24,825 - INFO - Starting TU/e LinkedIn Graduate Analyzer
2025-05-15 16:17:24,826 - INFO - Processing names from CSV: names.csv
2025-05-15 16:17:24,827 - ERROR - Error during CSV processing: cannot import name 'process_csv_names' from 'search_from_csv' (C:\Users\20221413\OneDrive - TU Eindhoven\Desktop\bep final\search_from_csv.py)
2025-05-15 16:19:48,272 - INFO - Starting TU/e LinkedIn Graduate Analyzer
2025-05-15 16:19:48,272 - INFO - Processing names from CSV: names.csv
2025-05-15 16:19:48,305 - INFO - Loaded 10 names from names.csv
2025-05-15 16:19:48,306 - INFO - Searching for LinkedIn profiles...
2025-05-15 16:20:08,243 - INFO - Found LinkedIn profile: https://nl.linkedin.com/in/tijsmaas
2025-05-15 16:20:10,038 - WARNING - No LinkedIn profile found for 'Andrada Pietraru'
2025-05-15 16:20:13,784 - WARNING - No LinkedIn profile found for 'Kaidong Wu'
2025-05-15 16:20:35,699 - INFO - Found LinkedIn profile: https://nl.linkedin.com/in/gonzalomoroperez
2025-05-15 16:20:38,873 - INFO - Found LinkedIn profile: https://nl.linkedin.com/in/angelique-husson
2025-05-15 16:20:42,015 - WARNING - No LinkedIn profile found for 'Dario Nascimben'
2025-05-15 16:20:43,284 - INFO - Found LinkedIn profile: https://nl.linkedin.com/in/martijn-struijs-120232359
2025-05-15 16:20:44,785 - WARNING - No LinkedIn profile found for 'Merel Eikens'
2025-05-15 16:21:02,326 - WARNING - No LinkedIn profile found for 'Justin Brouwer'
2025-05-15 16:21:11,170 - WARNING - No LinkedIn profile found for 'Javier Sijen'
2025-05-15 16:21:11,184 - INFO - Processing 4 LinkedIn URLs
2025-05-15 16:21:11,184 - INFO - Processing 1/4: https://nl.linkedin.com/in/tijsmaas
2025-05-15 16:21:14,715 - INFO - Successfully processed profile: Tijs Maas
2025-05-15 16:21:15,721 - INFO - Processing 2/4: https://nl.linkedin.com/in/gonzalomoroperez
2025-05-15 16:21:20,794 - INFO - Successfully processed profile: Gonzalo Moro Pérez
2025-05-15 16:21:21,816 - INFO - Processing 3/4: https://nl.linkedin.com/in/angelique-husson
2025-05-15 16:21:26,520 - INFO - Successfully processed profile: Angelique Husson
2025-05-15 16:21:27,531 - INFO - Processing 4/4: https://nl.linkedin.com/in/martijn-struijs-120232359
2025-05-15 16:21:31,676 - ERROR - Error processing URL https://nl.linkedin.com/in/martijn-struijs-120232359: 'NoneType' object has no attribute 'get'
2025-05-15 16:21:31,676 - INFO - Dataset saved to data\batch_searches\batch_raw.csv
2025-05-15 16:21:31,676 - INFO - Loading Dutch surname classifier from C:\Users\20221413\OneDrive - TU Eindhoven\Desktop\bep final\models\dutch_surname_classifier.pkl
2025-05-15 16:21:31,698 - INFO - Model loaded successfully
2025-05-15 16:21:31,698 - INFO - Extracting surnames from full names...
2025-05-15 16:21:31,700 - INFO - Classifying surnames...
2025-05-15 16:21:31,709 - INFO - Surname classification complete
2025-05-15 16:21:31,713 - INFO - Results saved to data\batch_searches\batch_analyzed.csv
2025-05-15 16:21:31,714 - INFO - CSV processing complete. Results saved to data\batch_searches\batch_analyzed.csv
2025-05-15 17:37:54,670 - INFO - Starting TU/e LinkedIn Graduate Analyzer
2025-05-15 17:37:54,671 - INFO - Processing names from CSV: names.csv
2025-05-15 17:37:54,684 - INFO - Loaded 10 names from names.csv
2025-05-15 17:37:54,684 - INFO - Searching for LinkedIn profiles...
2025-05-15 17:37:57,596 - INFO - Found LinkedIn profile: https://nl.linkedin.com/in/tijsmaas
2025-05-15 17:38:02,181 - WARNING - No LinkedIn profile found for 'Andrada Pietraru'
2025-05-15 17:38:08,440 - WARNING - No LinkedIn profile found for 'Kaidong Wu'
2025-05-15 17:38:10,805 - INFO - Found LinkedIn profile: https://nl.linkedin.com/in/gonzalomoroperez
2025-05-15 17:38:12,904 - INFO - Found LinkedIn profile: https://nl.linkedin.com/in/angelique-husson
2025-05-15 17:38:14,180 - WARNING - No LinkedIn profile found for 'Dario Nascimben'
2025-05-15 17:38:20,607 - INFO - Found LinkedIn profile: https://nl.linkedin.com/in/martijn-struijs-120232359
2025-05-15 17:38:24,556 - INFO - Found LinkedIn profile: https://nl.linkedin.com/in/marieke-poppe-977457b7/en
2025-05-15 17:38:26,906 - INFO - Found LinkedIn profile: https://nl.linkedin.com/in/justin-brouwer-embedded-software-engineer
2025-05-15 17:38:30,356 - WARNING - No LinkedIn profile found for 'Javier Sijen'
2025-05-15 17:38:30,375 - INFO - Processing 6 LinkedIn URLs
2025-05-15 17:38:30,375 - INFO - Processing 1/6: https://nl.linkedin.com/in/tijsmaas
2025-05-15 17:38:34,118 - INFO - Successfully processed profile: Tijs Maas
2025-05-15 17:38:35,119 - INFO - Processing 2/6: https://nl.linkedin.com/in/gonzalomoroperez
2025-05-15 17:38:35,984 - INFO - Successfully processed profile: Gonzalo Moro Pérez
2025-05-15 17:38:36,995 - INFO - Processing 3/6: https://nl.linkedin.com/in/angelique-husson
2025-05-15 17:38:43,766 - ERROR - Error processing URL: https://nl.linkedin.com/in/angelique-husson
2025-05-15 17:38:43,766 - ERROR - Status code: 520
2025-05-15 17:38:43,766 - ERROR - Response: <!DOCTYPE html>
<!--[if lt IE 7]> <html class="no-js ie6 oldie" lang="en-US"> <![endif]-->
<!--[if IE 7]>    <html class="no-js ie7 oldie" lang="en-US"> <![endif]-->
<!--[if IE 8]>    <html class="no-js ie8 oldie" lang="en-US"> <![endif]-->
<!--[if gt IE 8]><!--> <html class="no-js" lang="en-US"> <!--<![endif]-->
<head>


<title>nubela.co | 520: Web server is returning an unknown error</title>
<meta charset="UTF-8" />
<meta http-equiv="Content-Type" content="text/html; charset=UTF-8" />
<meta http-equiv="X-UA-Compatible" content="IE=Edge" />
<meta name="robots" content="noindex, nofollow" />
<meta name="viewport" content="width=device-width,initial-scale=1" />
<link rel="stylesheet" id="cf_styles-css" href="/cdn-cgi/styles/main.css" />


</head>
<body>
<div id="cf-wrapper">
    <div id="cf-error-details" class="p-0">
        <header class="mx-auto pt-10 lg:pt-6 lg:px-8 w-240 lg:w-full mb-8">
            <h1 class="inline-block sm:block sm:mb-2 font-light text-60 lg:text-4xl text-black-dark leading-tight mr-2">
              <span class="inline-block">Web server is returning an unknown error</span>
              <span class="code-label">Error code 520</span>
            </h1>
            <div>
               Visit <a href="https://www.cloudflare.com/5xx-error-landing?utm_source=errorcode_520&utm_campaign=nubela.co" target="_blank" rel="noopener noreferrer">cloudflare.com</a> for more information.
            </div>
            <div class="mt-3">2025-05-15 15:38:43 UTC</div>
        </header>
        <div class="my-8 bg-gradient-gray">
            <div class="w-240 lg:w-full mx-auto">
                <div class="clearfix md:px-8">
                  
<div id="cf-browser-status" class=" relative w-1/3 md:w-full py-15 md:p-0 md:py-8 md:text-left md:border-solid md:border-0 md:border-b md:border-gray-400 overflow-hidden float-left md:float-none text-center">
  <div class="relative mb-10 md:m-0">
    
    <span class="cf-icon-browser block md:hidden h-20 bg-center bg-no-repeat"></span>
    <span class="cf-icon-ok w-12 h-12 absolute left-1/2 md:left-auto md:right-0 md:top-0 -ml-6 -bottom-4"></span>
    
  </div>
  <span class="md:block w-full truncate">You</span>
  <h3 class="md:inline-block mt-3 md:mt-0 text-2xl text-gray-600 font-light leading-1.3">
    
    Browser
    
  </h3>
  <span class="leading-1.3 text-2xl text-green-success">Working</span>
</div>

<div id="cf-cloudflare-status" class=" relative w-1/3 md:w-full py-15 md:p-0 md:py-8 md:text-left md:border-solid md:border-0 md:border-b md:border-gray-400 overflow-hidden float-left md:float-none text-center">
  <div class="relative mb-10 md:m-0">
    <a href="https://www.cloudflare.com/5xx-error-landing?utm_source=errorcode_520&utm_campaign=nubela.co" target="_blank" rel="noopener noreferrer">
    <span class="cf-icon-cloud block md:hidden h-20 bg-center bg-no-repeat"></span>
    <span class="cf-icon-ok w-12 h-12 absolute left-1/2 md:left-auto md:right-0 md:top-0 -ml-6 -bottom-4"></span>
    </a>
  </div>
  <span class="md:block w-full truncate">Amsterdam</span>
  <h3 class="md:inline-block mt-3 md:mt-0 text-2xl text-gray-600 font-light leading-1.3">
    <a href="https://www.cloudflare.com/5xx-error-landing?utm_source=errorcode_520&utm_campaign=nubela.co" target="_blank" rel="noopener noreferrer">
    Cloudflare
    </a>
  </h3>
  <span class="leading-1.3 text-2xl text-green-success">Working</span>
</div>

<div id="cf-host-status" class="cf-error-source relative w-1/3 md:w-full py-15 md:p-0 md:py-8 md:text-left md:border-solid md:border-0 md:border-b md:border-gray-400 overflow-hidden float-left md:float-none text-center">
  <div class="relative mb-10 md:m-0">
    
    <span class="cf-icon-server block md:hidden h-20 bg-center bg-no-repeat"></span>
    <span class="cf-icon-error w-12 h-12 absolute left-1/2 md:left-auto md:right-0 md:top-0 -ml-6 -bottom-4"></span>
    
  </div>
  <span class="md:block w-full truncate">nubela.co</span>
  <h3 class="md:inline-block mt-3 md:mt-0 text-2xl text-gray-600 font-light leading-1.3">
    
    Host
    
  </h3>
  <span class="leading-1.3 text-2xl text-red-error">Error</span>
</div>

                </div>
            </div>
        </div>

        <div class="w-240 lg:w-full mx-auto mb-8 lg:px-8">
            <div class="clearfix">
                <div class="w-1/2 md:w-full float-left pr-6 md:pb-10 md:pr-0 leading-relaxed">
                    <h2 class="text-3xl font-normal leading-1.3 mb-4">What happened?</h2>
                    <p>There is an unknown connection issue between Cloudflare and the origin web server. As a result, the web page can not be displayed.</p>
                </div>
                <div class="w-1/2 md:w-full float-left leading-relaxed">
                    <h2 class="text-3xl font-normal leading-1.3 mb-4">What can I do?</h2>
                          <h3 class="text-15 font-semibold mb-2">If you are a visitor of this website:</h3>
      <p class="mb-6">Please try again in a few minutes.</p>

      <h3 class="text-15 font-semibold mb-2">If you are the owner of this website:</h3>
      <p><span>There is an issue between Cloudflare's cache and your origin web server. Cloudflare monitors for these errors and automatically investigates the cause. To help support the investigation, you can pull the corresponding error log from your web server and submit it our support team.  Please include the Ray ID (which is at the bottom of this error page).</span> <a rel="noopener noreferrer" href="https://developers.cloudflare.com/support/troubleshooting/http-status-codes/cloudflare-5xx-errors/error-520/">Additional troubleshooting resources</a>.</p>
                </div>
            </div>
        </div>

        <div class="cf-error-footer cf-wrapper w-240 lg:w-full py-10 sm:py-4 sm:px-8 mx-auto text-center sm:text-left border-solid border-0 border-t border-gray-300">
  <p class="text-13">
    <span class="cf-footer-item sm:block sm:mb-1">Cloudflare Ray ID: <strong class="font-semibold">9403b92d9be5d596</strong></span>
    <span class="cf-footer-separator sm:hidden">&bull;</span>
    <span id="cf-footer-item-ip" class="cf-footer-item hidden sm:block sm:mb-1">
      Your IP:
      <button type="button" id="cf-footer-ip-reveal" class="cf-footer-ip-reveal-btn">Click to reveal</button>
      <span class="hidden" id="cf-footer-ip">185.192.146.2</span>
      <span class="cf-footer-separator sm:hidden">&bull;</span>
    </span>
    <span class="cf-footer-item sm:block sm:mb-1"><span>Performance &amp; security by</span> <a rel="noopener noreferrer" href="https://www.cloudflare.com/5xx-error-landing?utm_source=errorcode_520&utm_campaign=nubela.co" id="brand_link" target="_blank">Cloudflare</a></span>
    
  </p>
  <script>(function(){function d(){var b=a.getElementById("cf-footer-item-ip"),c=a.getElementById("cf-footer-ip-reveal");b&&"classList"in b&&(b.classList.remove("hidden"),c.addEventListener("click",function(){c.classList.add("hidden");a.getElementById("cf-footer-ip").classList.remove("hidden")}))}var a=document;document.addEventListener&&a.addEventListener("DOMContentLoaded",d)})();</script>
</div><!-- /.error-footer -->


    </div>
</div>
</body>
</html>

2025-05-15 17:38:44,782 - INFO - Processing 4/6: https://nl.linkedin.com/in/martijn-struijs-120232359
2025-05-15 17:38:45,362 - ERROR - Error processing URL https://nl.linkedin.com/in/martijn-struijs-120232359: 'NoneType' object has no attribute 'get'
2025-05-15 17:38:45,362 - INFO - Processing 5/6: https://nl.linkedin.com/in/marieke-poppe-977457b7/en
2025-05-15 17:38:51,097 - INFO - Skipping profile: Not a TU/e graduate
2025-05-15 17:38:52,110 - INFO - Processing 6/6: https://nl.linkedin.com/in/justin-brouwer-embedded-software-engineer
2025-05-15 17:38:56,252 - INFO - Successfully processed profile: Justin Brouwer
2025-05-15 17:38:56,259 - INFO - Dataset saved to data\batch_searches\batch_raw.csv
2025-05-15 17:38:56,259 - INFO - Loading Dutch surname classifier from C:\Users\20221413\OneDrive - TU Eindhoven\Desktop\bep final\models\dutch_surname_classifier.pkl
2025-05-15 17:38:56,260 - INFO - Model loaded successfully
2025-05-15 17:38:56,260 - INFO - Extracting surnames from full names...
2025-05-15 17:38:56,261 - INFO - Classifying surnames...
2025-05-15 17:38:56,264 - INFO - Surname classification complete
2025-05-15 17:38:56,265 - INFO - Results saved to data\batch_searches\batch_analyzed.csv
2025-05-15 17:38:56,266 - INFO - CSV processing complete. Results saved to data\batch_searches\batch_analyzed.csv
2025-05-15 17:44:18,730 - INFO - Starting TU/e LinkedIn Graduate Analyzer
2025-05-15 17:44:18,731 - INFO - Processing names from CSV: names.csv
2025-05-15 17:44:18,737 - INFO - Loaded 9 names from names.csv
2025-05-15 17:44:18,737 - INFO - Searching for LinkedIn profiles...
2025-05-15 17:44:31,023 - WARNING - No LinkedIn profile found for 'Michael Yeh'
2025-05-15 17:44:34,142 - WARNING - No LinkedIn profile found for 'Jorren Hendriks'
2025-05-15 17:44:36,424 - INFO - Found LinkedIn profile: https://www.linkedin.com/in/sebastiaan-singendonk-1679ba49
2025-05-15 17:44:38,828 - INFO - Found LinkedIn profile: https://nl.linkedin.com/in/yuyang-qi
2025-05-15 17:44:42,909 - INFO - Found LinkedIn profile: https://nl.linkedin.com/in/vincent-janssen-974a43188
2025-05-15 17:44:43,911 - WARNING - No LinkedIn profile found for 'Frank Custers'
2025-05-15 17:44:51,295 - INFO - Found LinkedIn profile: https://www.linkedin.com/in/vibhor-sharma-43096070/
2025-05-15 17:44:54,268 - INFO - Found LinkedIn profile: https://dk.linkedin.com/in/akjohan
2025-05-15 17:45:11,064 - INFO - Found LinkedIn profile: https://nl.linkedin.com/in/jonas-niederle
2025-05-15 17:45:11,077 - INFO - Processing 6 LinkedIn URLs
2025-05-15 17:45:11,077 - INFO - Processing 1/6: https://www.linkedin.com/in/sebastiaan-singendonk-1679ba49
2025-05-15 17:45:15,009 - INFO - Successfully processed profile: Sebastiaan Singendonk
2025-05-15 17:45:16,019 - INFO - Processing 2/6: https://nl.linkedin.com/in/yuyang-qi
2025-05-15 17:45:18,886 - INFO - Successfully processed profile: Yuyang Qi
2025-05-15 17:45:19,892 - INFO - Processing 3/6: https://nl.linkedin.com/in/vincent-janssen-974a43188
2025-05-15 17:45:23,503 - INFO - Successfully processed profile: Vincent Janssen
2025-05-15 17:45:24,513 - INFO - Processing 4/6: https://www.linkedin.com/in/vibhor-sharma-43096070/
2025-05-15 17:45:27,966 - INFO - Successfully processed profile: Vibhor Sharma
2025-05-15 17:45:28,983 - INFO - Processing 5/6: https://dk.linkedin.com/in/akjohan
2025-05-15 17:45:32,164 - INFO - Successfully processed profile: Andreas Kaas Johansen
2025-05-15 17:45:33,174 - INFO - Processing 6/6: https://nl.linkedin.com/in/jonas-niederle
2025-05-15 17:45:37,251 - INFO - Successfully processed profile: Jonas Niederle
2025-05-15 17:45:37,256 - INFO - Dataset saved to data\batch_searches\batch_raw.csv
2025-05-15 17:45:37,257 - INFO - Loading Dutch surname classifier from C:\Users\20221413\OneDrive - TU Eindhoven\Desktop\bep final\models\dutch_surname_classifier.pkl
2025-05-15 17:45:37,259 - INFO - Model loaded successfully
2025-05-15 17:45:37,259 - INFO - Extracting surnames from full names...
2025-05-15 17:45:37,260 - INFO - Classifying surnames...
2025-05-15 17:45:37,265 - INFO - Surname classification complete
2025-05-15 17:45:37,268 - INFO - Results saved to data\batch_searches\batch_analyzed.csv
2025-05-15 17:45:37,269 - INFO - CSV processing complete. Results saved to data\batch_searches\batch_analyzed.csv
2025-05-26 14:28:29,671 - INFO - Starting TU/e LinkedIn Graduate Analyzer
2025-05-26 14:28:29,671 - INFO - Processing names from CSV: names.csv
2025-05-26 14:28:29,695 - INFO - Loaded 10 names from names.csv
2025-05-26 14:28:29,695 - INFO - Searching for LinkedIn profiles...
2025-05-26 14:28:32,462 - WARNING - No LinkedIn profile found for 'Ibrahim Garmouhi'
2025-05-26 14:28:34,451 - INFO - Found LinkedIn profile: https://nl.linkedin.com/in/stefan-wijker
2025-05-26 14:28:35,932 - INFO - Found LinkedIn profile: https://nl.linkedin.com/in/gerwoud-moerman-4001611a2
2025-05-26 14:28:39,088 - INFO - Found LinkedIn profile: https://nl.linkedin.com/in/tingyuan-zhang
2025-05-26 14:28:43,582 - WARNING - No LinkedIn profile found for 'Robin Persoons'
2025-05-26 14:28:46,874 - INFO - Found LinkedIn profile: https://nl.linkedin.com/in/levyvankempen
2025-05-26 14:28:48,347 - INFO - Found LinkedIn profile: https://nl.linkedin.com/in/aadesh-shah
2025-05-26 14:28:49,216 - WARNING - No LinkedIn profile found for 'Koen Klaren'
2025-05-26 14:28:52,042 - INFO - Found LinkedIn profile: https://nl.linkedin.com/in/sangavi-vijayakumar-0b6960141
2025-05-26 14:29:03,521 - INFO - Found LinkedIn profile: https://nl.linkedin.com/in/suman0910
2025-05-26 14:29:03,559 - INFO - Processing 7 LinkedIn URLs
2025-05-26 14:29:03,559 - INFO - Processing 1/7: https://nl.linkedin.com/in/stefan-wijker
2025-05-26 14:29:06,538 - INFO - Successfully processed profile: Stefan Wijker
2025-05-26 14:29:07,550 - INFO - Processing 2/7: https://nl.linkedin.com/in/gerwoud-moerman-4001611a2
2025-05-26 14:29:10,450 - INFO - Skipping profile: Not a TU/e graduate
2025-05-26 14:29:11,463 - INFO - Processing 3/7: https://nl.linkedin.com/in/tingyuan-zhang
2025-05-26 14:29:12,335 - INFO - Successfully processed profile: Tingyuan ZHANG
2025-05-26 14:29:13,341 - INFO - Processing 4/7: https://nl.linkedin.com/in/levyvankempen
2025-05-26 14:29:17,162 - INFO - Successfully processed profile: Levy van Kempen
2025-05-26 14:29:18,170 - INFO - Processing 5/7: https://nl.linkedin.com/in/aadesh-shah
2025-05-26 14:29:22,223 - INFO - Successfully processed profile: Aadesh Shah
2025-05-26 14:29:23,239 - INFO - Processing 6/7: https://nl.linkedin.com/in/sangavi-vijayakumar-0b6960141
2025-05-26 14:29:27,140 - INFO - Successfully processed profile: Sangavi Vijayakumar
2025-05-26 14:29:28,144 - INFO - Processing 7/7: https://nl.linkedin.com/in/suman0910
2025-05-26 14:29:31,635 - INFO - Successfully processed profile: Suman Mahendra Kumar
2025-05-26 14:29:31,652 - INFO - Dataset saved to data\batch_searches\batch_raw.csv
2025-05-26 14:29:31,654 - INFO - Loading Dutch surname classifier from C:\Users\20221413\OneDrive - TU Eindhoven\Desktop\bep final\models\dutch_surname_classifier.pkl
2025-05-26 14:29:31,673 - INFO - Model loaded successfully
2025-05-26 14:29:31,673 - INFO - Extracting surnames from full names...
2025-05-26 14:29:31,679 - INFO - Classifying surnames...
2025-05-26 14:29:31,700 - INFO - Surname classification complete
2025-05-26 14:29:31,700 - INFO - Results saved to data\batch_searches\batch_analyzed.csv
2025-05-26 14:29:31,700 - INFO - CSV processing complete. Results saved to data\batch_searches\batch_analyzed.csv
2025-05-26 14:34:41,988 - INFO - Starting TU/e LinkedIn Graduate Analyzer
2025-05-26 14:34:41,988 - INFO - Searching for individual: Ibrahim Garmouhi
2025-05-26 14:34:42,351 - WARNING - No LinkedIn profile found for 'Ibrahim Garmouhi'
2025-05-26 14:34:42,351 - WARNING - No results found for Ibrahim Garmouhi
